vocal pro: breath=0 plos=0
beat rebuilt from 3 stems: drums, bass, other
[1] MASTER       I= -10.1 LRA= 2.5 TP= -1.1
beat rebuilt from 3 stems: drums, bass, other
[2] INSTRUMENTAL I=  -9.7 LRA= 1.6 TP= -1.0
[3] ACAPELLA     I= -12.1 LRA= 2.8 TP= -1.0
[4] APPLE        I= -12.0 LRA= 3.5 TP= -2.8

--- METRICS (no references) ---
  loudness    -10.1 LUFS
  true-peak    -1.1 dBTP
  dynamics   LRA 2.5
  stereo     corr +0.98
  low/pres/air  +16.7 / -21.9 / -25.5  dB rel. 200-2k

--- VERDICT ---
  [OK ] loudness in [-12,-8] LUFS
  [OK ] true-peak <= -1.0 dBTP
  [XX ] dynamics LRA >= 3
  [OK ] mono-compatible corr >= 0.4

3/4 absolute targets met.
DONE noref
  ACAPELLA.wav  (8437 KB)
  APPLE DIGITAL MASTER.wav  (8437 KB)
  INSTRUMENTAL.wav  (8437 KB)
  MASTER.wav  (8437 KB)
